NOTE:
** git rebase <branch>       for cleaner history (will make it linear) 
** git merge <branch>        to keep branching history (will maintain the graph/branching)


# Rebase feature branch with main
    -> git checkout feature/login
    -> git rebase main

# If conflicts happen, fix them manually, then:
    -> git add .
    -> git rebase --continue

# Abort rebase
    -> git rebase --abort

🔹 Rebase rewrites history (avoid on shared/public branches).


// REBASE (linear commit history - rebase simplifies it)
MY PC@DESKTOP-B44O69I MINGW64 ~/Desktop/git-practice (master)
$ git log --oneline --graph
* 2eef1f0 (HEAD -> master) master branch changes
* 84072b9 note
* 6b42813 test
* bdfb214 infos

After git rebase <branch>  (it copy the commit of master branch that the feature-branch does not have and put the commit of feature branch first, then the commit of master branch)
MY PC@DESKTOP-B44O69I MINGW64 ~/Desktop/git-practice (master)
$ git log --oneline --graph
* e596af9 (HEAD -> master) master branch changes
* 30ef166 (Rebasing/docs) feature branch change
* 57d5077 feature branch changes
* 84072b9 note

// MERGE (shows branching commit history)
MY PC@DESKTOP-B44O69I MINGW64 ~/Desktop/git-practice (master)
$ git log --oneline --graph
* 01535e9 (HEAD -> master) master change latest
* ed41362 master branch change
* dd9913e master branch changes
* d28d1cd feature branch change
* 30ef166 feature branch change

After git merge <branch> (it put the feature branch commits after the master commit, basically, it just added the branch commits)
MY PC@DESKTOP-B44O69I MINGW64 ~/Desktop/git-practice (master)
$ git log --oneline --graph
*   6ae5707 (HEAD -> master) Merge branch 'Rebasing/docs' merge
|\
| * 7d8731d (Rebasing/docs) feature change latest
* | 01535e9 master change latest
* | ed41362 master branch change
* | dd9913e master branch changes
|/
* d28d1cd feature branch change
* 30ef166 feature branch change