NOTE:
** git rebase <branch>       for cleaner history (will make it linear) 
** git merge <branch>        to keep branching history (will maintain the graph/branching)


# Rebase feature branch with main
    -> git checkout feature/login
    -> git rebase main

# If conflicts happen, fix them manually, then:
    -> git add .
    -> git rebase --continue

# Abort rebase
    -> git rebase --abort

🔹 Rebase rewrites history (avoid on shared/public branches).



MY PC@DESKTOP-B44O69I MINGW64 ~/Desktop/git-practice (master)
$ git log --oneline
dc08443 (HEAD -> master) Branching & Merging
da44a06 Viewing History


MY PC@DESKTOP-B44O69I MINGW64 ~/Desktop/git-practice (master)
$ git log --oneline --graph
* dc08443 (HEAD -> master) Branching & Merging
* da44a06 Viewing History

After git rebase <branch>
MY PC@DESKTOP-B44O69I MINGW64 ~/Desktop/git-practice (master)
$ git log --oneline --graph
* 84072b9 (HEAD -> master, Rebasing/docs) note
* 6b42813 test
* bdfb214 infos
* dc08443 Branching & Merging
* da44a06 Viewing History